// Jest Snapshot v1, https://goo.gl/fbAQLP

exports[`it renders correcty 1`] = `
<div>
  <div
    className="page-header"
  >
    <h1
      className="page-header__title content-container"
    >
      Edit Expenses
    </h1>
  </div>
  <div
    className="content-container"
  >
    <ExpenseForm
      onSubmit={[Function]}
    />
    <button
      className="button button--secondary"
      onClick={[Function]}
    >
      Remove Expense
    </button>
  </div>
</div>
`;
